2026-05-23 11:41:55,880 INFO === Job 544120c1 RUNNING (2 thread(s)) ===
2026-05-23 11:41:55,885 INFO [T1] session init, proxy_sid=057ba9ba
2026-05-23 11:41:58,325 ERROR [T1] fetch failed pattern=09????????: HTTPSConnectionPool(host='vietteltelecom.vn', port=443): Max retries exceeded with url: /api/get/sim (Caused by SSLError(SSLEOFError(8, '[SSL: UNEXPECTED_EOF_WHILE_READING] EOF occurred in violation of protocol (_ssl.c:1006)')))
2026-05-23 11:41:58,594 INFO === Job 544120c1 COMPLETED ===
2026-05-23 11:44:09,791 INFO === Job 544120c1 RUNNING (2 thread(s)) ===
2026-05-23 11:44:09,795 INFO [T1] session init, proxy_sid=92103eae
2026-05-23 11:44:11,578 INFO [T1] D1N refreshed 9ae0f0634a97227f…
2026-05-23 11:44:16,710 INFO [T1] expand pattern=09???????? got=47 ≥ 30 → split into 10 children
2026-05-23 11:44:16,823 INFO [T2] session init, proxy_sid=dcd12d8b
2026-05-23 11:44:18,582 INFO [T2] D1N refreshed aa99c242255d63e3…
2026-05-23 11:44:20,587 INFO [T1] leaf pattern=090??????? got=0 saved=0
2026-05-23 11:44:23,620 INFO [T2] leaf pattern=091??????? got=0 saved=0
2026-05-23 11:44:24,879 INFO [T1] leaf pattern=092??????? got=0 saved=0
2026-05-23 11:44:27,568 INFO [T2] leaf pattern=093??????? got=0 saved=0
2026-05-23 11:44:29,014 INFO [T1] leaf pattern=094??????? got=0 saved=0
2026-05-23 11:44:31,466 INFO [T2] leaf pattern=095??????? got=0 saved=0
2026-05-23 11:44:33,254 INFO [T1] expand pattern=096??????? got=49 ≥ 30 → split into 10 children
2026-05-23 11:44:35,516 INFO [T2] expand pattern=097??????? got=48 ≥ 30 → split into 10 children
2026-05-23 11:44:37,239 INFO [T1] expand pattern=098??????? got=44 ≥ 30 → split into 10 children
2026-05-23 11:44:39,404 INFO [T2] leaf pattern=099??????? got=0 saved=0
2026-05-23 11:44:41,153 INFO [T1] leaf pattern=0960?????? got=0 saved=0
2026-05-23 11:44:43,357 INFO [T2] expand pattern=0961?????? got=37 ≥ 30 → split into 10 children
2026-05-23 11:44:45,086 INFO [T1] expand pattern=0962?????? got=40 ≥ 30 → split into 10 children
2026-05-23 11:44:47,406 INFO [T2] expand pattern=0963?????? got=43 ≥ 30 → split into 10 children
2026-05-23 11:44:50,854 INFO [T1] expand pattern=0964?????? got=43 ≥ 30 → split into 10 children
2026-05-23 11:44:51,289 INFO [T2] expand pattern=0965?????? got=33 ≥ 30 → split into 10 children
2026-05-23 11:44:54,804 INFO [T1] expand pattern=0966?????? got=31 ≥ 30 → split into 10 children
2026-05-23 11:44:55,229 INFO [T2] expand pattern=0967?????? got=36 ≥ 30 → split into 10 children
2026-05-23 11:44:58,770 INFO [T1] expand pattern=0968?????? got=39 ≥ 30 → split into 10 children
2026-05-23 11:44:59,577 INFO [T2] expand pattern=0969?????? got=36 ≥ 30 → split into 10 children
2026-05-23 11:45:02,640 INFO [T1] leaf pattern=0970?????? got=0 saved=0
2026-05-23 11:45:03,574 INFO [T2] expand pattern=0971?????? got=40 ≥ 30 → split into 10 children
2026-05-23 11:45:06,644 INFO [T1] expand pattern=0972?????? got=36 ≥ 30 → split into 10 children
2026-05-23 11:45:07,504 INFO [T2] expand pattern=0973?????? got=42 ≥ 30 → split into 10 children
2026-05-23 11:45:10,871 INFO [T1] expand pattern=0974?????? got=37 ≥ 30 → split into 10 children
2026-05-23 11:45:11,435 INFO [T2] expand pattern=0975?????? got=37 ≥ 30 → split into 10 children
2026-05-23 11:45:14,795 INFO [T1] expand pattern=0976?????? got=42 ≥ 30 → split into 10 children
2026-05-23 11:45:15,416 INFO [T2] expand pattern=0977?????? got=33 ≥ 30 → split into 10 children
2026-05-23 11:45:18,759 INFO [T1] expand pattern=0978?????? got=36 ≥ 30 → split into 10 children
2026-05-23 11:45:19,356 INFO [T2] leaf pattern=0979?????? got=24 saved=24
2026-05-23 11:45:22,642 INFO [T1] leaf pattern=0980?????? got=0 saved=0
2026-05-23 11:45:23,334 INFO [T2] expand pattern=0981?????? got=41 ≥ 30 → split into 10 children
2026-05-23 11:45:26,605 INFO [T1] expand pattern=0982?????? got=32 ≥ 30 → split into 10 children
2026-05-23 11:45:27,282 INFO [T2] expand pattern=0983?????? got=32 ≥ 30 → split into 10 children
2026-05-23 11:45:30,571 INFO [T1] expand pattern=0984?????? got=33 ≥ 30 → split into 10 children
2026-05-23 11:45:31,759 INFO [T2] expand pattern=0985?????? got=34 ≥ 30 → split into 10 children
2026-05-23 11:45:34,488 INFO [T1] leaf pattern=0986?????? got=22 saved=22
2026-05-23 11:45:35,693 INFO [T2] leaf pattern=0987?????? got=25 saved=25
2026-05-23 11:45:38,388 INFO [T1] leaf pattern=0988?????? got=10 saved=10
2026-05-23 11:45:39,671 INFO [T2] leaf pattern=0989?????? got=26 saved=26
2026-05-23 11:45:42,320 INFO [T1] leaf pattern=09610????? got=10 saved=10
2026-05-23 11:45:43,750 INFO [T2] leaf pattern=09611????? got=7 saved=7
2026-05-23 11:45:43,905 INFO === Job 544120c1 PAUSED ===
